0,1,2,3,4,5
5
0,1
1,a,1
2,b,0
3,c,1
4,d,1
5,e,2
5,f,3
5,g,4
